
> pyramid-agro-export@0.1.0 build
> next build

   Γû▓ Next.js 15.5.2
   - Environments: .env

   Creating an optimized production build ...
 Γ£ô Compiled successfully in 8.2s
   Linting and checking validity of types ...

./src/app/dashboard/enquiries/page.tsx
253:6  Warning: React Hook useEffect has a missing dependency: 'fetchEnquiries'. Either include it or remove the dependency array.  react-hooks/exhaustive-deps

./src/app/dashboard/page.tsx
3:20  Warning: 'useEffect' is defined but never used.  @typescript-eslint/no-unused-vars
36:9  Warning: 'handleLogout' is assigned a value but never used.  @typescript-eslint/no-unused-vars

./src/app/dashboard/products/page.tsx
13:17  Warning: 'session' is assigned a value but never used.  @typescript-eslint/no-unused-vars

./src/app/products/[slug]/page.tsx
103:20  Warning: 'e' is defined but never used.  @typescript-eslint/no-unused-vars
112:20  Warning: 'e' is defined but never used.  @typescript-eslint/no-unused-vars

./src/components/dashboard/about-content-manager.tsx
8:3  Warning: 'Eye' is defined but never used.  @typescript-eslint/no-unused-vars
11:3  Warning: 'CheckCircle' is defined but never used.  @typescript-eslint/no-unused-vars
12:3  Warning: 'AlertCircle' is defined but never used.  @typescript-eslint/no-unused-vars
13:3  Warning: 'Shield' is defined but never used.  @typescript-eslint/no-unused-vars
16:3  Warning: 'MapPin' is defined but never used.  @typescript-eslint/no-unused-vars
17:3  Warning: 'Globe' is defined but never used.  @typescript-eslint/no-unused-vars
18:3  Warning: 'Leaf' is defined but never used.  @typescript-eslint/no-unused-vars
19:3  Warning: 'Truck' is defined but never used.  @typescript-eslint/no-unused-vars
21:3  Warning: 'Upload' is defined but never used.  @typescript-eslint/no-unused-vars
22:3  Warning: 'Save' is defined but never used.  @typescript-eslint/no-unused-vars
23:3  Warning: 'X' is defined but never used.  @typescript-eslint/no-unused-vars
68:10  Warning: 'saving' is assigned a value but never used.  @typescript-eslint/no-unused-vars
68:18  Warning: 'setSaving' is assigned a value but never used.  @typescript-eslint/no-unused-vars

./src/components/dashboard/about-content-modal.tsx
5:26  Warning: 'ToggleLoader' is defined but never used.  @typescript-eslint/no-unused-vars

./src/components/dashboard/about-feature-modal.tsx
6:19  Warning: 'CheckCircle' is defined but never used.  @typescript-eslint/no-unused-vars

./src/components/dashboard/add-product-wizard-modal.tsx
503:27  Warning: Using `<img>` could result in slower LCP and higher bandwidth. Consider using `<Image />` from `next/image` or a custom image loader to automatically optimize images. This may incur additional usage or cost from your provider. See: https://nextjs.org/docs/messages/no-img-element  @next/next/no-img-element

./src/components/dashboard/banana-table-manager.tsx
101:6  Warning: React Hook useEffect has a missing dependency: 'fetchTableData'. Either include it or remove the dependency array.  react-hooks/exhaustive-deps

./src/components/dashboard/certifications-manager.tsx
12:3  Warning: 'Upload' is defined but never used.  @typescript-eslint/no-unused-vars
50:6  Warning: 'isActive' is defined but never used.  @typescript-eslint/no-unused-vars
50:16  Warning: 'onToggle' is defined but never used.  @typescript-eslint/no-unused-vars

./src/components/dashboard/dry-turmeric-table-manager.tsx
89:6  Warning: React Hook useEffect has a missing dependency: 'fetchTableData'. Either include it or remove the dependency array.  react-hooks/exhaustive-deps

./src/components/dashboard/features-section-editor.tsx
29:3  Warning: 'X' is defined but never used.  @typescript-eslint/no-unused-vars
51:55  Warning: 'onCancel' is defined but never used.  @typescript-eslint/no-unused-vars

./src/components/dashboard/garlics-table-manager.tsx
89:6  Warning: React Hook useEffect has a missing dependency: 'fetchTableData'. Either include it or remove the dependency array.  react-hooks/exhaustive-deps

./src/components/dashboard/grapes-page-editor.tsx
13:3  Warning: 'Upload' is defined but never used.  @typescript-eslint/no-unused-vars
155:50  Warning: 'onCancel' is defined but never used.  @typescript-eslint/no-unused-vars
316:9  Warning: 'handleUpdateFeature' is assigned a value but never used.  @typescript-eslint/no-unused-vars

./src/components/dashboard/green-chillis-table-manager.tsx
89:6  Warning: React Hook useEffect has a missing dependency: 'fetchTableData'. Either include it or remove the dependency array.  react-hooks/exhaustive-deps

./src/components/dashboard/groundnuts-table-manager.tsx
89:6  Warning: React Hook useEffect has a missing dependency: 'fetchTableData'. Either include it or remove the dependency array.  react-hooks/exhaustive-deps

./src/components/dashboard/guava-table-manager.tsx
89:6  Warning: React Hook useEffect has a missing dependency: 'fetchTableData'. Either include it or remove the dependency array.  react-hooks/exhaustive-deps

./src/components/dashboard/hero-section-editor.tsx
13:3  Warning: 'Eye' is defined but never used.  @typescript-eslint/no-unused-vars
40:51  Warning: 'onCancel' is defined but never used.  @typescript-eslint/no-unused-vars

./src/components/dashboard/hero-slide-card.tsx
3:10  Warning: 'Button' is defined but never used.  @typescript-eslint/no-unused-vars

./src/components/dashboard/home-content-manager.tsx
8:3  Warning: 'Eye' is defined but never used.  @typescript-eslint/no-unused-vars
9:3  Warning: 'Edit' is defined but never used.  @typescript-eslint/no-unused-vars
16:3  Warning: 'Star' is defined but never used.  @typescript-eslint/no-unused-vars
21:3  Warning: 'Sparkles' is defined but never used.  @typescript-eslint/no-unused-vars
25:3  Warning: 'GripVertical' is defined but never used.  @typescript-eslint/no-unused-vars
40:8  Warning: 'Image' is defined but never used.  @typescript-eslint/no-unused-vars
141:10  Warning: 'heroImages' is assigned a value but never used.  @typescript-eslint/no-unused-vars
143:10  Warning: 'saving' is assigned a value but never used.  @typescript-eslint/no-unused-vars
151:25  Warning: 'setConfirmAction' is assigned a value but never used.  @typescript-eslint/no-unused-vars
152:24  Warning: 'setConfirmTitle' is assigned a value but never used.  @typescript-eslint/no-unused-vars
153:26  Warning: 'setConfirmMessage' is assigned a value but never used.  @typescript-eslint/no-unused-vars
173:9  Warning: 'handleEditAboutContent' is assigned a value but never used.  @typescript-eslint/no-unused-vars

./src/components/dashboard/interactive-gallery-manager.tsx
8:3  Warning: 'Plus' is defined but never used.  @typescript-eslint/no-unused-vars
9:3  Warning: 'Edit' is defined but never used.  @typescript-eslint/no-unused-vars
38:10  Warning: 'saving' is assigned a value but never used.  @typescript-eslint/no-unused-vars

./src/components/dashboard/nashik-grapes-table-manager.tsx
107:6  Warning: React Hook useEffect has a missing dependency: 'fetchTableData'. Either include it or remove the dependency array.  react-hooks/exhaustive-deps

./src/components/dashboard/nashik-onions-table-manager.tsx
101:6  Warning: React Hook useEffect has a missing dependency: 'fetchTableData'. Either include it or remove the dependency array.  react-hooks/exhaustive-deps

./src/components/dashboard/pomegranates-table-manager.tsx
101:6  Warning: React Hook useEffect has a missing dependency: 'fetchTableData'. Either include it or remove the dependency array.  react-hooks/exhaustive-deps

./src/components/dashboard/potatoes-table-manager.tsx
89:6  Warning: React Hook useEffect has a missing dependency: 'fetchTableData'. Either include it or remove the dependency array.  react-hooks/exhaustive-deps

./src/components/dashboard/product-category-modal.tsx
259:23  Warning: Using `<img>` could result in slower LCP and higher bandwidth. Consider using `<Image />` from `next/image` or a custom image loader to automatically optimize images. This may incur additional usage or cost from your provider. See: https://nextjs.org/docs/messages/no-img-element  @next/next/no-img-element

./src/components/dashboard/product-form.tsx
167:10  Warning: 'newSeason' is assigned a value but never used.  @typescript-eslint/no-unused-vars
167:21  Warning: 'setNewSeason' is assigned a value but never used.  @typescript-eslint/no-unused-vars
168:10  Warning: 'newPackaging' is assigned a value but never used.  @typescript-eslint/no-unused-vars
168:24  Warning: 'setNewPackaging' is assigned a value but never used.  @typescript-eslint/no-unused-vars
170:10  Warning: 'newCertification' is assigned a value but never used.  @typescript-eslint/no-unused-vars
170:28  Warning: 'setNewCertification' is assigned a value but never used.  @typescript-eslint/no-unused-vars
171:10  Warning: 'newStorageCondition' is assigned a value but never used.  @typescript-eslint/no-unused-vars
171:31  Warning: 'setNewStorageCondition' is assigned a value but never used.  @typescript-eslint/no-unused-vars
172:10  Warning: 'newExportMarket' is assigned a value but never used.  @typescript-eslint/no-unused-vars
172:27  Warning: 'setNewExportMarket' is assigned a value but never used.  @typescript-eslint/no-unused-vars
175:10  Warning: 'newImage' is assigned a value but never used.  @typescript-eslint/no-unused-vars
175:20  Warning: 'setNewImage' is assigned a value but never used.  @typescript-eslint/no-unused-vars
176:10  Warning: 'isUploading' is assigned a value but never used.  @typescript-eslint/no-unused-vars
359:9  Warning: 'addNutritionInfo' is assigned a value but never used.  @typescript-eslint/no-unused-vars
373:9  Warning: 'removeNutritionInfo' is assigned a value but never used.  @typescript-eslint/no-unused-vars
586:21  Warning: Using `<img>` could result in slower LCP and higher bandwidth. Consider using `<Image />` from `next/image` or a custom image loader to automatically optimize images. This may incur additional usage or cost from your provider. See: https://nextjs.org/docs/messages/no-img-element  @next/next/no-img-element
620:23  Warning: Using `<img>` could result in slower LCP and higher bandwidth. Consider using `<Image />` from `next/image` or a custom image loader to automatically optimize images. This may incur additional usage or cost from your provider. See: https://nextjs.org/docs/messages/no-img-element  @next/next/no-img-element

./src/components/dashboard/product-manager-backup.tsx
19:3  Warning: 'Calendar' is defined but never used.  @typescript-eslint/no-unused-vars
21:3  Warning: 'Tag' is defined but never used.  @typescript-eslint/no-unused-vars

./src/components/dashboard/product-manager-clean.tsx
19:3  Warning: 'Calendar' is defined but never used.  @typescript-eslint/no-unused-vars
21:3  Warning: 'Tag' is defined but never used.  @typescript-eslint/no-unused-vars
234:15  Warning: 'result' is assigned a value but never used.  @typescript-eslint/no-unused-vars

./src/components/dashboard/product-manager.tsx
117:23  Warning: 'setCurrentView' is assigned a value but never used.  @typescript-eslint/no-unused-vars
233:15  Warning: 'result' is assigned a value but never used.  @typescript-eslint/no-unused-vars
299:9  Warning: 'handleReorder' is assigned a value but never used.  @typescript-eslint/no-unused-vars

./src/components/dashboard/product-preview-manager.tsx
43:6  Warning: React Hook useEffect has a missing dependency: 'fetchProducts'. Either include it or remove the dependency array.  react-hooks/exhaustive-deps

./src/components/dashboard/product-preview-modal.tsx
4:10  Warning: 'Button' is defined but never used.  @typescript-eslint/no-unused-vars
5:10  Warning: 'Input' is defined but never used.  @typescript-eslint/no-unused-vars
6:10  Warning: 'Textarea' is defined but never used.  @typescript-eslint/no-unused-vars
7:10  Warning: 'Label' is defined but never used.  @typescript-eslint/no-unused-vars
8:10  Warning: 'LoadingSpinner' is defined but never used.  @typescript-eslint/no-unused-vars

./src/components/dashboard/rice-table-manager.tsx
89:6  Warning: React Hook useEffect has a missing dependency: 'fetchTableData'. Either include it or remove the dependency array.  react-hooks/exhaustive-deps

./src/components/dashboard/services-manager.tsx
14:3  Warning: 'GripVertical' is defined but never used.  @typescript-eslint/no-unused-vars
23:3  Warning: 'CheckCircle' is defined but never used.  @typescript-eslint/no-unused-vars

./src/components/dashboard/team-member-modal-simple.tsx
6:19  Warning: 'Upload' is defined but never used.  @typescript-eslint/no-unused-vars

./src/components/dashboard/team-member-modal.tsx
41:10  Warning: 'uploadSuccess' is assigned a value but never used.  @typescript-eslint/no-unused-vars
42:10  Warning: 'isDragOver' is assigned a value but never used.  @typescript-eslint/no-unused-vars
43:10  Warning: 'isPlaceholder' is assigned a value but never used.  @typescript-eslint/no-unused-vars
115:9  Warning: 'handleDragOver' is assigned a value but never used.  @typescript-eslint/no-unused-vars
121:9  Warning: 'handleDragLeave' is assigned a value but never used.  @typescript-eslint/no-unused-vars
127:9  Warning: 'handleDrop' is assigned a value but never used.  @typescript-eslint/no-unused-vars

./src/components/dashboard/team-members-manager.tsx
8:3  Warning: 'Eye' is defined but never used.  @typescript-eslint/no-unused-vars
11:3  Warning: 'CheckCircle' is defined but never used.  @typescript-eslint/no-unused-vars
12:3  Warning: 'AlertCircle' is defined but never used.  @typescript-eslint/no-unused-vars
14:3  Warning: 'Upload' is defined but never used.  @typescript-eslint/no-unused-vars
15:3  Warning: 'Save' is defined but never used.  @typescript-eslint/no-unused-vars
16:3  Warning: 'X' is defined but never used.  @typescript-eslint/no-unused-vars
44:10  Warning: 'saving' is assigned a value but never used.  @typescript-eslint/no-unused-vars
44:18  Warning: 'setSaving' is assigned a value but never used.  @typescript-eslint/no-unused-vars

./src/components/dashboard/testimonials-manager-simple.tsx
4:10  Warning: 'Button' is defined but never used.  @typescript-eslint/no-unused-vars
8:3  Warning: 'Plus' is defined but never used.  @typescript-eslint/no-unused-vars
11:3  Warning: 'Eye' is defined but never used.  @typescript-eslint/no-unused-vars
17:3  Warning: 'Upload' is defined but never used.  @typescript-eslint/no-unused-vars
44:10  Warning: 'saving' is assigned a value but never used.  @typescript-eslint/no-unused-vars
44:18  Warning: 'setSaving' is assigned a value but never used.  @typescript-eslint/no-unused-vars

./src/components/dashboard/tomatoes-table-manager.tsx
89:6  Warning: React Hook useEffect has a missing dependency: 'fetchTableData'. Either include it or remove the dependency array.  react-hooks/exhaustive-deps

./src/components/interactive-gallery.tsx
148:6  Warning: React Hook useCallback has a missing dependency: 'galleryImages'. Either include it or remove the dependency array. You can also replace multiple useState variables with useReducer if 'setSelectedImage' needs the current value of 'galleryImages'.  react-hooks/exhaustive-deps
156:6  Warning: React Hook useCallback has a missing dependency: 'galleryImages'. Either include it or remove the dependency array. You can also replace multiple useState variables with useReducer if 'setSelectedImage' needs the current value of 'galleryImages'.  react-hooks/exhaustive-deps

./src/components/products/garlics-table.tsx
4:36  Warning: 'Leaf' is defined but never used.  @typescript-eslint/no-unused-vars
4:42  Warning: 'Truck' is defined but never used.  @typescript-eslint/no-unused-vars

./src/components/products/tomatoes-table.tsx
4:36  Warning: 'Leaf' is defined but never used.  @typescript-eslint/no-unused-vars
4:42  Warning: 'Truck' is defined but never used.  @typescript-eslint/no-unused-vars

./src/hooks/use-certifications.ts
27:6  Warning: React Hook useEffect has a missing dependency: 'fetchCertifications'. Either include it or remove the dependency array.  react-hooks/exhaustive-deps

info  - Need to disable some ESLint rules? Learn more here: https://nextjs.org/docs/app/api-reference/config/eslint#disabling-rules
npm : Failed to compile.
At line:1 char:1
+ npm run build 2>&1 | Out-File 
-FilePath build-output.txt; 
Get-Content ...
+ ~~~~~~~~~~~~~~~~~~
    + CategoryInfo          : NotSpeci 
   fied: (Failed to compile.:String)   
  [], RemoteException
    + FullyQualifiedErrorId : NativeCo 
   mmandError
 

./src/components/dashboard/product-form
.tsx:759:17
Type error: Type '{ icon?: string | 
undefined; title?: string | undefined; 
description?: string | undefined; }' 
is not assignable to type 'ReactNode'.

[0m [90m 757 |[39m             {form
Data[33m.[39mfeatures[33m.[39mmap((
feature[33m,[39m index) [33m=>[39m 
(
 [90m 758 |[39m               
[33m<[39m[33mBadge[39m 
key[33m=[39m{index} variant[33m=[39
m[32m"secondary"[39m 
className[33m=[39m[32m"flex 
items-center gap-1"[39m[33m>[39m
[31m[1m>[22m[39m[90m 759 |[39m   
              {feature}
 [90m     |[39m                 
[31m[1m^[22m[39m
 [90m 760 |[39m                 
[33m<[39m[33mX[39m
 [90m 761 |[39m                   
className[33m=[39m[32m"h-3 w-3 
cursor-pointer"[39m
 [90m 762 |[39m                   
onClick[33m=[39m{() [33m=>[39m remo
veArrayItem([32m"features"[39m[33m,
[39m index)}[0m
Next.js build worker exited with code: 
1 and signal: null
